14:30:03 **** Incremental Build of configuration Debug for project F401RE_Bluetooth_Module ****
make -j16 all 
arm-none-eabi-gcc "../Core/Src/main.c" -mcpu=cortex-m4 -std=gnu11 -g3 -DDEBUG -DUSE_HAL_DRIVER -DSTM32F401xE -c -I../Core/Inc -I../Drivers/STM32F4xx_HAL_Driver/Inc -I../Drivers/STM32F4xx_HAL_Driver/Inc/Legacy -I../Drivers/CMSIS/Device/ST/STM32F4xx/Include -I../Drivers/CMSIS/Include -O0 -ffunction-sections -fdata-sections -Wall -fstack-usage -fcyclomatic-complexity -MMD -MP -MF"Core/Src/main.d" -MT"Core/Src/main.o" --specs=nano.specs -mfpu=fpv4-sp-d16 -mfloat-abi=hard -mthumb -o "Core/Src/main.o"
arm-none-eabi-gcc -o "F401RE_Bluetooth_Module.elf" @"objects.list"   -mcpu=cortex-m4 -T"C:\Users\user\STM32CubeIDE\STM32_Leaning\F401RE_Real_Time_Clock\STM32F401RETX_FLASH.ld" --specs=nosys.specs -Wl,-Map="F401RE_Bluetooth_Module.map" -Wl,--gc-sections -static --specs=nano.specs -mfpu=fpv4-sp-d16 -mfloat-abi=hard -mthumb -Wl,--start-group -lc -lm -Wl,--end-group
Finished building target: F401RE_Bluetooth_Module.elf
 
arm-none-eabi-size   F401RE_Bluetooth_Module.elf 
arm-none-eabi-objdump -h -S  F401RE_Bluetooth_Module.elf  > "F401RE_Bluetooth_Module.list"
   text	   data	    bss	    dec	    hex	filename
  10548	     20	   1644	  12212	   2fb4	F401RE_Bluetooth_Module.elf
Finished building: default.size.stdout
 
Finished building: F401RE_Bluetooth_Module.list
 

14:30:03 Build Finished. 0 errors, 0 warnings. (took 536ms)

