15:05:37 **** Incremental Build of configuration Debug for project F401RE_TextLCD ****
make -j16 all 
arm-none-eabi-gcc "../Core/Src/i2c-lcd.c" -mcpu=cortex-m4 -std=gnu11 -g3 -DDEBUG -DUSE_HAL_DRIVER -DSTM32F401xE -c -I../Core/Inc -I../Drivers/STM32F4xx_HAL_Driver/Inc -I../Drivers/STM32F4xx_HAL_Driver/Inc/Legacy -I../Drivers/CMSIS/Device/ST/STM32F4xx/Include -I../Drivers/CMSIS/Include -O0 -ffunction-sections -fdata-sections -Wall -fstack-usage -fcyclomatic-complexity -MMD -MP -MF"Core/Src/i2c-lcd.d" -MT"Core/Src/i2c-lcd.o" --specs=nano.specs -mfpu=fpv4-sp-d16 -mfloat-abi=hard -mthumb -o "Core/Src/i2c-lcd.o"
arm-none-eabi-gcc -o "F401RE_TextLCD.elf" @"objects.list"   -mcpu=cortex-m4 -T"C:\Users\user\STM32CubeIDE\workspace_1.13.2\F401RE_TextLCD\STM32F401RETX_FLASH.ld" --specs=nosys.specs -Wl,-Map="F401RE_TextLCD.map" -Wl,--gc-sections -static --specs=nano.specs -mfpu=fpv4-sp-d16 -mfloat-abi=hard -mthumb -Wl,--start-group -lc -lm -Wl,--end-group
Finished building target: F401RE_TextLCD.elf
 
arm-none-eabi-size   F401RE_TextLCD.elf 
arm-none-eabi-objdump -h -S  F401RE_TextLCD.elf  > "F401RE_TextLCD.list"
   text	   data	    bss	    dec	    hex	filename
  10708	     20	   1724	  12452	   30a4	F401RE_TextLCD.elf
Finished building: default.size.stdout
 
Finished building: F401RE_TextLCD.list
 

15:05:38 Build Finished. 0 errors, 0 warnings. (took 537ms)

