12:20:09 **** Incremental Build of configuration Debug for project F401RE_SPI ****
make -j16 all 
arm-none-eabi-gcc "../Core/Src/spi.c" -mcpu=cortex-m4 -std=gnu11 -g3 -DDEBUG -DUSE_HAL_DRIVER -DSTM32F401xE -c -I../Core/Inc -I../Drivers/STM32F4xx_HAL_Driver/Inc -I../Drivers/STM32F4xx_HAL_Driver/Inc/Legacy -I../Drivers/CMSIS/Device/ST/STM32F4xx/Include -I../Drivers/CMSIS/Include -O0 -ffunction-sections -fdata-sections -Wall -fstack-usage -fcyclomatic-complexity -MMD -MP -MF"Core/Src/spi.d" -MT"Core/Src/spi.o" --specs=nano.specs -mfpu=fpv4-sp-d16 -mfloat-abi=hard -mthumb -o "Core/Src/spi.o"
arm-none-eabi-gcc -o "F401RE_SPI.elf" @"objects.list"   -mcpu=cortex-m4 -T"C:\Users\user\STM32CubeIDE\STM32_Leaning\F401RE_SPI\STM32F401RETX_FLASH.ld" --specs=nosys.specs -Wl,-Map="F401RE_SPI.map" -Wl,--gc-sections -static --specs=nano.specs -mfpu=fpv4-sp-d16 -mfloat-abi=hard -mthumb -Wl,--start-group -lc -lm -Wl,--end-group
Finished building target: F401RE_SPI.elf
 
arm-none-eabi-size   F401RE_SPI.elf 
arm-none-eabi-objdump -h -S  F401RE_SPI.elf  > "F401RE_SPI.list"
   text	   data	    bss	    dec	    hex	filename
  11828	     24	   1800	  13652	   3554	F401RE_SPI.elf
Finished building: default.size.stdout
 
Finished building: F401RE_SPI.list
 

12:20:09 Build Finished. 0 errors, 0 warnings. (took 844ms)

