17:38:26 **** Incremental Build of configuration Debug for project F401RE-FreeRTOS ****
make -j16 all 
arm-none-eabi-gcc -o "F401RE-FreeRTOS.elf" @"objects.list"   -mcpu=cortex-m4 -T"C:\Users\user\STM32CubeIDE\workspace_1.13.2\F401RE-FreeRTOS\STM32F401RETX_FLASH.ld" --specs=nosys.specs -Wl,-Map="F401RE-FreeRTOS.map" -Wl,--gc-sections -static --specs=nano.specs -mfpu=fpv4-sp-d16 -mfloat-abi=hard -mthumb -Wl,--start-group -lc -lm -Wl,--end-group
Finished building target: F401RE-FreeRTOS.elf
 
arm-none-eabi-size   F401RE-FreeRTOS.elf 
arm-none-eabi-objdump -h -S  F401RE-FreeRTOS.elf  > "F401RE-FreeRTOS.list"
   text	   data	    bss	    dec	    hex	filename
  24224	    116	  20980	  45320	   b108	F401RE-FreeRTOS.elf
Finished building: default.size.stdout
 
Finished building: F401RE-FreeRTOS.list
 

17:38:27 Build Finished. 0 errors, 0 warnings. (took 689ms)

